#-----------------------------------------------------------
# Vivado v2023.1.1 (64-bit)
# SW Build 3900603 on Fri Jun 16 19:31:24 MDT 2023
# IP Build 3900379 on Sat Jun 17 05:28:05 MDT 2023
# SharedData Build 3899622 on Fri Jun 16 03:34:24 MDT 2023
# Start of session at: Thu Mar 21 20:29:50 2024
# Process ID: 44724
# Current directory: D:/CE/DAKTMT/Vivado/project_dct/project_dct.runs/kria_top_dct_system_0_0_synth_1
# Command line: vivado.exe -log kria_top_dct_system_0_0.vds -product Vivado -mode batch -messageDb vivado.pb -notrace -source kria_top_dct_system_0_0.tcl
# Log file: D:/CE/DAKTMT/Vivado/project_dct/project_dct.runs/kria_top_dct_system_0_0_synth_1/kria_top_dct_system_0_0.vds
# Journal file: D:/CE/DAKTMT/Vivado/project_dct/project_dct.runs/kria_top_dct_system_0_0_synth_1\vivado.jou
# Running On: LAPTOP-4DC9UOE4, OS: Windows, CPU Frequency: 2592 MHz, CPU Physical cores: 6, Host memory: 17024 MB
#-----------------------------------------------------------
source kria_top_dct_system_0_0.tcl -notrace
